<?xml version="1.0" encoding="utf-8"?><testsuites name="pytest tests"><testsuite name="pytest" errors="0" failures="0" skipped="0" tests="3" time="0.311" timestamp="2026-04-07T12:29:06.624710+08:00" hostname="hansbug-VirtualBox"><testcase classname="test.config.test_meta.TestConfigMeta" name="test_title" file="test/config/test_meta.py" line="7" time="0.002" /><testcase classname="test.test_entry.TestEntryCli" name="test_version_flag" file="test/test_entry.py" line="8" time="0.006" /><testcase classname="test.test_entry.TestEntryCli" name="test_help_flag" file="test/test_entry.py" line="15" time="0.005" /></testsuite></testsuites>